
     Program LD1 v.6.3MaX starts on 22Oct2025 at 13: 5:55 

     This program is part of the open-source Quantum ESPRESSO suite
     for quantum simulation of materials; please cite
         "P. Giannozzi et al., J. Phys.:Condens. Matter 21 395502 (2009);
         "P. Giannozzi et al., J. Phys.:Condens. Matter 29 465901 (2017);
          URL http://www.quantum-espresso.org", 
     in publications or presentations arising from this work. More details at
     http://www.quantum-espresso.org/quote

     Serial version
     Waiting for input...
     Reading input from standard input
     PAW data will be used for GIPAW calculation
     --------------------------- All-electron run ----------------------------

     Americium                                                                  
     scalar relativistic calculation

     atomic number is 95.00
     dft =PBESOL   lsd =0 sic =0 latt =0  beta=0.20 tr2=1.0E-14
     Exchange-correlation      = PBESOL ( 1  4 10  8 0 0)
     mesh =1293 r(mesh) =  99.09937 a.u. xmin = -7.00 dx = 0.01250
     1 Ry =  13.60569193 eV, c = 137.03599966

     n l     nl                  e(Ry)          e(Ha)          e(eV)
     1 0     1S 1( 2.00)     -9232.9958     -4616.4979   -125621.2967
     2 0     2S 1( 2.00)     -1747.7170      -873.8585    -23778.8986
     2 1     2P 1( 6.00)     -1433.6144      -716.8072    -19505.3153
     3 0     3S 1( 2.00)      -445.7370      -222.8685     -6064.5600
     3 1     3P 1( 6.00)      -359.2986      -179.6493     -4888.5067
     4 0     4S 1( 2.00)      -115.6145       -57.8073     -1573.0155
     4 1     4P 1( 6.00)       -87.4403       -43.7201     -1189.6854
     3 2     3D 1(10.00)      -288.3755      -144.1878     -3923.5482
     5 0     5S 1( 2.00)       -25.9576       -12.9788      -353.1715
     5 1     5P 1( 6.00)       -17.1020        -8.5510      -232.6852
     4 2     4D 1(10.00)       -60.4956       -30.2478      -823.0843
     6 0     6S 1( 2.00)        -3.7407        -1.8703       -50.8944
     5 2     5D 1(10.00)        -8.1670        -4.0835      -111.1176
     4 3     4F 1(14.00)       -32.3934       -16.1967      -440.7341
     6 1     6P 1( 6.00)        -1.6829        -0.8414       -22.8970
     6 2     6D 1( 0.00)        -0.0881        -0.0441        -1.1990
     7 0     7S 1( 2.00)        -0.2872        -0.1436        -3.9081
     7 1     7P 1( 0.00)        -0.0667        -0.0333        -0.9075
     5 3     5F 1( 7.00)        -0.1878        -0.0939        -2.5551

     final scf error:  8.2E-15 reached in  37 iterations

     Etot =  -60766.312164 Ry,  -30383.156082 Ha, -826767.723046 eV

     Ekin =   72617.760619 Ry,   36308.880309 Ha,  988014.879642 eV
     Encl = -154913.052138 Ry,  -77456.526069 Ha,-2107699.263365 eV
     Eh   =   22515.570989 Ry,   11257.785494 Ha,  306339.922507 eV
     Exc  =    -986.591634 Ry,    -493.295817 Ha,  -13423.261830 eV


     normalization and overlap integrals

     s(1S/1S) =  1.000000  <r> =   0.0130  <r2> =    0.0002  r(max) =   0.0076
     s(1S/2S) = -0.058847
     s(1S/3S) = -0.025653
     s(1S/4S) = -0.013091
     s(1S/5S) = -0.006677
     s(1S/6S) = -0.002969
     s(1S/7S) = -0.000877
     s(2S/2S) =  1.000000  <r> =   0.0545  <r2> =    0.0035  r(max) =   0.0460
     s(2S/3S) = -0.017012
     s(2S/4S) = -0.008248
     s(2S/5S) = -0.004155
     s(2S/6S) = -0.001842
     s(2S/7S) = -0.000544
     s(2P/2P) =  1.000000  <r> =   0.0513  <r2> =    0.0032  r(max) =   0.0396
     s(2P/3P) = -0.012667
     s(2P/4P) = -0.005866
     s(2P/5P) = -0.002832
     s(2P/6P) = -0.001093
     s(2P/7P) = -0.000244
     s(3S/3S) =  1.000000  <r> =   0.1408  <r2> =    0.0227  r(max) =   0.1298
     s(3S/4S) = -0.006152
     s(3S/5S) = -0.002974
     s(3S/6S) = -0.001306
     s(3S/7S) = -0.000385
     s(3P/3P) =  1.000000  <r> =   0.1459  <r2> =    0.0247  r(max) =   0.1331
     s(3P/4P) = -0.005010
     s(3P/5P) = -0.002321
     s(3P/6P) = -0.000888
     s(3P/7P) = -0.000198
     s(4S/4S) =  1.000000  <r> =   0.3039  <r2> =    0.1042  r(max) =   0.2890
     s(4S/5S) = -0.002192
     s(4S/6S) = -0.000937
     s(4S/7S) = -0.000275
     s(4P/4P) =  1.000000  <r> =   0.3289  <r2> =    0.1228  r(max) =   0.3115
     s(4P/5P) = -0.001753
     s(4P/6P) = -0.000655
     s(4P/7P) = -0.000145
     s(3D/3D) =  1.000000  <r> =   0.1329  <r2> =    0.0206  r(max) =   0.1090
     s(3D/4D) = -0.003683
     s(3D/5D) = -0.001516
     s(3D/6D) = -0.000299
     s(5S/5S) =  1.000000  <r> =   0.6256  <r2> =    0.4373  r(max) =   0.5967
     s(5S/6S) = -0.000632
     s(5S/7S) = -0.000183
     s(5P/5P) =  1.000000  <r> =   0.7065  <r2> =    0.5602  r(max) =   0.6677
     s(5P/6P) = -0.000433
     s(5P/7P) = -0.000095
     s(4D/4D) =  1.000000  <r> =   0.3406  <r2> =    0.1334  r(max) =   0.3154
     s(4D/5D) = -0.001283
     s(4D/6D) = -0.000248
     s(6S/6S) =  1.000000  <r> =   1.3846  <r2> =    2.1439  r(max) =   1.2632
     s(6S/7S) = -0.000101
     s(5D/5D) =  1.000000  <r> =   0.8243  <r2> =    0.7718  r(max) =   0.7472
     s(5D/6D) = -0.000159
     s(4F/4F) =  1.000000  <r> =   0.3339  <r2> =    0.1300  r(max) =   0.2715
     s(4F/5F) = -0.000624
     s(6P/6P) =  1.000000  <r> =   1.7453  <r2> =    3.4418  r(max) =   1.5237
     s(6P/7P) = -0.000047
     s(6D/6D) =  1.000000  <r> =   3.6951  <r2> =   17.0927  r(max) =   2.4501
     s(7S/7S) =  1.000000  <r> =   4.0547  <r2> =   18.6711  r(max) =   3.4336
     s(7P/7P) =  1.000000  <r> =   6.3425  <r2> =   46.6379  r(max) =   5.0588
     s(5F/5F) =  1.000000  <r> =   1.3664  <r2> =    2.4197  r(max) =   0.9595

     ------------------------ End of All-electron run ------------------------


     --------------------- Generating PAW atomic setup --------------------


      Generating local potential from pseudized AE potential:
      Matching radius rcloc =   1.3000
      Enforcing V''(0)=0 (lloc=-2)

      Local pseudo, rcloc= 1.311 Estimated cut-off energy=    18.58 Ry

      Computing core charge for nlcc: 

       r > 1.10 : true rho core
      Core charge pseudized with two Bessel functions
      Integrated core pseudo-charge :  26.59
      Wfc-us  6S rcutus= 1.684  Estimated cut-off energy=    18.03 Ry
      Wfc-us  7S rcutus= 1.684  Estimated cut-off energy=    28.75 Ry
      Wfc-us  6P rcutus= 1.908  Estimated cut-off energy=    21.88 Ry
      Wfc-us  7P rcutus= 1.908  Estimated cut-off energy=    33.47 Ry
      Wfc-us  6D rcutus= 2.217  Estimated cut-off energy=    22.31 Ry
      Wfc-us  6D rcutus= 2.217  Estimated cut-off energy=    34.45 Ry
      Wfc-us  5F rcutus= 1.815  Estimated cut-off energy=    48.24 Ry
      Wfc-us  5F rcutus= 2.217  Estimated cut-off energy=    55.50 Ry

      The bmat matrix
    12.01589     4.20358     0.00000     0.00000     0.00000     0.00000
     0.00000     0.00000
     3.41612     1.21344     0.00000     0.00000     0.00000     0.00000
     0.00000     0.00000
     0.00000     0.00000     3.71033     3.88950     0.00000     0.00000
     0.00000     0.00000
     0.00000     0.00000     3.18188     3.42432     0.00000     0.00000
     0.00000     0.00000
     0.00000     0.00000     0.00000     0.00000     0.34401     0.76394
     0.00000     0.00000
     0.00000     0.00000     0.00000     0.00000     0.60772     1.45167
     0.00000     0.00000
     0.00000     0.00000     0.00000     0.00000     0.00000     0.00000
    -0.93468    -1.09693
     0.00000     0.00000     0.00000     0.00000     0.00000     0.00000
    -1.20888    -2.62927

      The bmat + epsilon qq matrix
    15.01464     4.26911     0.00000     0.00000     0.00000     0.00000
     0.00000     0.00000
     4.26946     1.23223     0.00000     0.00000     0.00000     0.00000
     0.00000     0.00000
     0.00000     0.00000     4.14055     3.55574     0.00000     0.00000
     0.00000     0.00000
     0.00000     0.00000     3.55633     3.12721     0.00000     0.00000
     0.00000     0.00000
     0.00000     0.00000     0.00000     0.00000     0.34609     0.61130
     0.00000     0.00000
     0.00000     0.00000     0.00000     0.00000     0.61156     1.15802
     0.00000     0.00000
     0.00000     0.00000     0.00000     0.00000     0.00000     0.00000
    -1.00773    -1.19282
     0.00000     0.00000     0.00000     0.00000     0.00000     0.00000
    -1.19251    -3.10709

      The qq matrix
    -0.80166    -0.22812     0.00000     0.00000     0.00000     0.00000
     0.00000     0.00000
    -0.22812    -0.06542     0.00000     0.00000     0.00000     0.00000
     0.00000     0.00000
     0.00000     0.00000    -0.25564    -0.22250     0.00000     0.00000
     0.00000     0.00000
     0.00000     0.00000    -0.22250    -0.19807     0.00000     0.00000
     0.00000     0.00000
     0.00000     0.00000     0.00000     0.00000    -0.02360    -0.04361
     0.00000     0.00000
     0.00000     0.00000     0.00000     0.00000    -0.04361    -0.08390
     0.00000     0.00000
     0.00000     0.00000     0.00000     0.00000     0.00000     0.00000
     0.38900    -0.08717
     0.00000     0.00000     0.00000     0.00000     0.00000     0.00000
    -0.08717    -0.43438


    multipoles (all-electron charge) - (pseudo charge)
        ns l1:ns1 l2    l=0     l=1     l=2     l=3     l=4     l=5  
         1  0:  1  0 -0.8017
         2  0:  1  0 -0.2281
         2  0:  2  0 -0.0654
         3  1:  1  0  0.0000  0.3971
         3  1:  2  0  0.0000  0.1048
         3  1:  3  1 -0.2556  0.0000 -0.2986
         4  1:  1  0  0.0000  0.3413
         4  1:  2  0  0.0000  0.0922
         4  1:  3  1 -0.2225  0.0000 -0.2357
         4  1:  4  1 -0.1981  0.0000 -0.1923
         5  2:  1  0  0.0000  0.0000 -0.1729
         5  2:  2  0  0.0000  0.0000 -0.0373
         5  2:  3  1  0.0000  0.1094  0.0000  0.1776
         5  2:  4  1  0.0000  0.0826  0.0000  0.1178
         5  2:  5  2 -0.0236  0.0000 -0.0613  0.0000 -0.1300
         6  2:  1  0  0.0000  0.0000 -0.2820
         6  2:  2  0  0.0000  0.0000 -0.0670
         6  2:  3  1  0.0000  0.1858  0.0000  0.2645
         6  2:  4  1  0.0000  0.1485  0.0000  0.1911
         6  2:  5  2 -0.0436  0.0000 -0.0936  0.0000 -0.1735
         6  2:  6  2 -0.0839  0.0000 -0.1518  0.0000 -0.2510
         7  3:  1  0  0.0000  0.0000  0.0000  0.0069
         7  3:  2  0  0.0000  0.0000  0.0000  0.0075
         7  3:  3  1  0.0000  0.0000  0.0990  0.0000  0.0858
         7  3:  4  1  0.0000  0.0000  0.0608  0.0000  0.0394
         7  3:  5  2  0.0000 -0.1090  0.0000 -0.1198  0.0000 -0.1862
         7  3:  6  2  0.0000 -0.1496  0.0000 -0.1429  0.0000 -0.1926
         7  3:  7  3  0.3890  0.0000  0.2988  0.0000  0.3020  0.0000  0.3585
         8  3:  1  0  0.0000  0.0000  0.0000 -1.0456
         8  3:  2  0  0.0000  0.0000  0.0000 -0.1675
         8  3:  3  1  0.0000  0.0000  0.7503  0.0000  1.2923
         8  3:  4  1  0.0000  0.0000  0.5018  0.0000  0.7536
         8  3:  5  2  0.0000 -0.2519  0.0000 -0.4104  0.0000 -0.8218
         8  3:  6  2  0.0000 -0.4220  0.0000 -0.6388  0.0000 -1.1827
         8  3:  7  3 -0.0872  0.0000 -0.3300  0.0000 -0.7496  0.0000 -1.7047
         8  3:  8  3 -0.4344  0.0000 -0.6678  0.0000 -1.0778  0.0000 -1.8700
     Required augmentation: PSQ   radius:    2.200000

     Q pseudized with Bessel functions
     Expected ecutrho=     322.3122 due to l1=  3   l2=  3

     Estimated PAW energy =-1124.731652 Ryd

     The PAW screened D coefficients
    15.01464     4.26946     0.00000     0.00000     0.00000     0.00000
     0.00000     0.00000
     4.26946     1.23223     0.00000     0.00000     0.00000     0.00000
     0.00000     0.00000
     0.00000     0.00000     4.14055     3.55633     0.00000     0.00000
     0.00000     0.00000
     0.00000     0.00000     3.55633     3.12721     0.00000     0.00000
     0.00000     0.00000
     0.00000     0.00000     0.00000     0.00000     0.34609     0.61156
     0.00000     0.00000
     0.00000     0.00000     0.00000     0.00000     0.61156     1.15802
     0.00000     0.00000
     0.00000     0.00000     0.00000     0.00000     0.00000     0.00000
    -1.00773    -1.19251
     0.00000     0.00000     0.00000     0.00000     0.00000     0.00000
    -1.19251    -3.10709

     The PAW descreened D coefficients (US)
     1.72679     0.39347     0.00000     0.00000     0.00000     0.00000
     0.00000     0.00000
     0.39347     0.09421     0.00000     0.00000     0.00000     0.00000
     0.00000     0.00000
     0.00000     0.00000     1.20508     0.80844     0.00000     0.00000
     0.00000     0.00000
     0.00000     0.00000     0.80844     0.52401     0.00000     0.00000
     0.00000     0.00000
     0.00000     0.00000     0.00000     0.00000     0.35763     0.51192
     0.00000     0.00000
     0.00000     0.00000     0.00000     0.00000     0.51192     0.76151
     0.00000     0.00000
     0.00000     0.00000     0.00000     0.00000     0.00000     0.00000
     5.06259    -0.23290
     0.00000     0.00000     0.00000     0.00000     0.00000     0.00000
    -0.23290    -6.56694

     ------------------- End of pseudopotential generation -------------------

     --------------------------- All-electron run ----------------------------

     Americium                                                                  
     scalar relativistic calculation

     atomic number is 95.00
     dft = SLA  PW   PSX  PSC   lsd =0 sic =0 latt =0  beta=0.20 tr2=1.0E-14
     Exchange-correlation      =  SLA  PW   PSX  PSC ( 1  4 10  8 0 0)
     mesh =1293 r(mesh) =  99.09937 a.u. xmin = -7.00 dx = 0.01250
     1 Ry =  13.60569193 eV, c = 137.03599966

     n l     nl                  e(Ry)          e(Ha)          e(eV)
     1 0     1S 1( 2.00)     -9232.9958     -4616.4979   -125621.2967
     2 0     2S 1( 2.00)     -1747.7170      -873.8585    -23778.8986
     2 1     2P 1( 6.00)     -1433.6144      -716.8072    -19505.3153
     3 0     3S 1( 2.00)      -445.7370      -222.8685     -6064.5600
     3 1     3P 1( 6.00)      -359.2986      -179.6493     -4888.5067
     4 0     4S 1( 2.00)      -115.6145       -57.8073     -1573.0155
     4 1     4P 1( 6.00)       -87.4403       -43.7201     -1189.6854
     3 2     3D 1(10.00)      -288.3755      -144.1878     -3923.5482
     5 0     5S 1( 2.00)       -25.9576       -12.9788      -353.1715
     5 1     5P 1( 6.00)       -17.1020        -8.5510      -232.6852
     4 2     4D 1(10.00)       -60.4956       -30.2478      -823.0843
     6 0     6S 1( 2.00)        -3.7407        -1.8703       -50.8944
     5 2     5D 1(10.00)        -8.1670        -4.0835      -111.1176
     4 3     4F 1(14.00)       -32.3934       -16.1967      -440.7341
     6 1     6P 1( 6.00)        -1.6829        -0.8414       -22.8970
     6 2     6D 1( 0.00)        -0.0881        -0.0441        -1.1990
     7 0     7S 1( 2.00)        -0.2872        -0.1436        -3.9081
     7 1     7P 1( 0.00)        -0.0667        -0.0333        -0.9075
     5 3     5F 1( 7.00)        -0.1878        -0.0939        -2.5551

     final scf error:  8.2E-15 reached in  37 iterations

     Etot =  -60766.312164 Ry,  -30383.156082 Ha, -826767.723046 eV

     Ekin =   72617.760619 Ry,   36308.880309 Ha,  988014.879642 eV
     Encl = -154913.052138 Ry,  -77456.526069 Ha,-2107699.263365 eV
     Eh   =   22515.570989 Ry,   11257.785494 Ha,  306339.922507 eV
     Exc  =    -986.591634 Ry,    -493.295817 Ha,  -13423.261830 eV


     normalization and overlap integrals

     s(1S/1S) =  1.000000  <r> =   0.0130  <r2> =    0.0002  r(max) =   0.0076
     s(1S/2S) = -0.058847
     s(1S/3S) = -0.025653
     s(1S/4S) = -0.013091
     s(1S/5S) = -0.006677
     s(1S/6S) = -0.002969
     s(1S/7S) = -0.000877
     s(2S/2S) =  1.000000  <r> =   0.0545  <r2> =    0.0035  r(max) =   0.0460
     s(2S/3S) = -0.017012
     s(2S/4S) = -0.008248
     s(2S/5S) = -0.004155
     s(2S/6S) = -0.001842
     s(2S/7S) = -0.000544
     s(2P/2P) =  1.000000  <r> =   0.0513  <r2> =    0.0032  r(max) =   0.0396
     s(2P/3P) = -0.012667
     s(2P/4P) = -0.005866
     s(2P/5P) = -0.002832
     s(2P/6P) = -0.001093
     s(2P/7P) = -0.000244
     s(3S/3S) =  1.000000  <r> =   0.1408  <r2> =    0.0227  r(max) =   0.1298
     s(3S/4S) = -0.006152
     s(3S/5S) = -0.002974
     s(3S/6S) = -0.001306
     s(3S/7S) = -0.000385
     s(3P/3P) =  1.000000  <r> =   0.1459  <r2> =    0.0247  r(max) =   0.1331
     s(3P/4P) = -0.005010
     s(3P/5P) = -0.002321
     s(3P/6P) = -0.000888
     s(3P/7P) = -0.000198
     s(4S/4S) =  1.000000  <r> =   0.3039  <r2> =    0.1042  r(max) =   0.2890
     s(4S/5S) = -0.002192
     s(4S/6S) = -0.000937
     s(4S/7S) = -0.000275
     s(4P/4P) =  1.000000  <r> =   0.3289  <r2> =    0.1228  r(max) =   0.3115
     s(4P/5P) = -0.001753
     s(4P/6P) = -0.000655
     s(4P/7P) = -0.000145
     s(3D/3D) =  1.000000  <r> =   0.1329  <r2> =    0.0206  r(max) =   0.1090
     s(3D/4D) = -0.003683
     s(3D/5D) = -0.001516
     s(3D/6D) = -0.000299
     s(5S/5S) =  1.000000  <r> =   0.6256  <r2> =    0.4373  r(max) =   0.5967
     s(5S/6S) = -0.000632
     s(5S/7S) = -0.000183
     s(5P/5P) =  1.000000  <r> =   0.7065  <r2> =    0.5602  r(max) =   0.6677
     s(5P/6P) = -0.000433
     s(5P/7P) = -0.000095
     s(4D/4D) =  1.000000  <r> =   0.3406  <r2> =    0.1334  r(max) =   0.3154
     s(4D/5D) = -0.001283
     s(4D/6D) = -0.000248
     s(6S/6S) =  1.000000  <r> =   1.3846  <r2> =    2.1439  r(max) =   1.2632
     s(6S/7S) = -0.000101
     s(5D/5D) =  1.000000  <r> =   0.8243  <r2> =    0.7718  r(max) =   0.7472
     s(5D/6D) = -0.000159
     s(4F/4F) =  1.000000  <r> =   0.3339  <r2> =    0.1300  r(max) =   0.2715
     s(4F/5F) = -0.000624
     s(6P/6P) =  1.000000  <r> =   1.7453  <r2> =    3.4418  r(max) =   1.5237
     s(6P/7P) = -0.000047
     s(6D/6D) =  1.000000  <r> =   3.6951  <r2> =   17.0927  r(max) =   2.4501
     s(7S/7S) =  1.000000  <r> =   4.0547  <r2> =   18.6711  r(max) =   3.4336
     s(7P/7P) =  1.000000  <r> =   6.3425  <r2> =   46.6379  r(max) =   5.0588
     s(5F/5F) =  1.000000  <r> =   1.3664  <r2> =    2.4197  r(max) =   0.9595

     ------------------------ End of All-electron run ------------------------


     ---------------------- Testing the pseudopotential ----------------------

     Americium                                                                  
     scalar relativistic calculation

     atomic number is 95.00   valence charge is 17.00
     dft = SLA  PW   PSX  PSC   lsd =0 sic =0 latt =0  beta=0.20 tr2=1.0E-14
     mesh =1293 r(mesh) =  99.09937 xmin = -7.00 dx = 0.01250

     n l     nl             e AE (Ry)        e PS (Ry)    De AE-PS (Ry) 
     1 0     6S   1( 2.00)       -3.74067       -3.74065       -0.00002
     2 0     7S   1( 2.00)       -0.28724       -0.28723       -0.00001
     2 1     6P   1( 6.00)       -1.68290       -1.68288       -0.00002
     3 2     6D   1( 0.00)       -0.08813       -0.08812       -0.00001
     4 3     5F   1( 7.00)       -0.18779       -0.18777       -0.00002

     eps = 2.8E-15  iter =  8

     Etot =  -60766.312164 Ry,  -30383.156082 Ha, -826767.723046 eV
     Etotps = -1124.731676 Ry,    -562.365838 Ha,  -15302.752691 eV

     Ekin =     344.472085 Ry,     172.236043 Ha,    4686.781068 eV
     Encl =    -634.607660 Ry,    -317.303830 Ha,   -8634.276314 eV
     Ehrt =     151.995834 Ry,      75.997917 Ha,    2068.008491 eV
     Ecxc =    -986.591936 Ry,    -493.295968 Ha,  -13423.265936 eV
     (Ecc =     -78.602814 Ry,     -39.301407 Ha,   -1069.445676 eV)

     ---------------------- End of pseudopotential test ----------------------

