
     Program LD1 v.6.3MaX starts on 22Oct2025 at 13:27:11 

     This program is part of the open-source Quantum ESPRESSO suite
     for quantum simulation of materials; please cite
         "P. Giannozzi et al., J. Phys.:Condens. Matter 21 395502 (2009);
         "P. Giannozzi et al., J. Phys.:Condens. Matter 29 465901 (2017);
          URL http://www.quantum-espresso.org", 
     in publications or presentations arising from this work. More details at
     http://www.quantum-espresso.org/quote

     Serial version
     Waiting for input...
     Reading input from standard input
     PAW data will be used for GIPAW calculation
     --------------------------- All-electron run ----------------------------

     Pa                                                                         
     scalar relativistic calculation

     atomic number is 91.00
     dft =PBESOL   lsd =0 sic =0 latt =0  beta=0.20 tr2=1.0E-14
     Exchange-correlation      = PBESOL ( 1  4 10  8 0 0)
     mesh =1291 r(mesh) = 100.90107 a.u. xmin = -7.00 dx = 0.01250
     1 Ry =  13.60569193 eV, c = 137.03599966

     n l     nl                  e(Ry)          e(Ha)          e(eV)
     1 0     1S 1( 2.00)     -8306.8176     -4153.4088   -113020.0007
     2 0     2S 1( 2.00)     -1546.7905      -773.3952    -21045.1549
     2 1     2P 1( 6.00)     -1289.1738      -644.5869    -17540.1021
     3 0     3S 1( 2.00)      -389.1252      -194.5626     -5294.3175
     3 1     3P 1( 6.00)      -317.4515      -158.7257     -4319.1468
     4 0     4S 1( 2.00)       -98.4955       -49.2478     -1340.0995
     4 1     4P 1( 6.00)       -75.0837       -37.5419     -1021.5657
     3 2     3D 1(10.00)      -254.4015      -127.2007     -3461.3080
     5 0     5S 1( 2.00)       -21.8127       -10.9063      -296.7764
     5 1     5P 1( 6.00)       -14.6223        -7.3112      -198.9466
     4 2     4D 1(10.00)       -51.2281       -25.6141      -696.9937
     6 0     6S 1( 2.00)        -3.4574        -1.7287       -47.0401
     5 2     5D 1(10.00)        -6.9867        -3.4934       -95.0590
     4 3     4F 1(14.00)       -25.8059       -12.9030      -351.1077
     6 1     6P 1( 6.00)        -1.7195        -0.8598       -23.3950
     6 2     6D 1( 1.50)        -0.2025        -0.1013        -2.7553
     7 0     7S 1( 2.00)        -0.3215        -0.1607        -4.3741
     7 1     7P 1( 0.00)        -0.0869        -0.0434        -1.1817
     5 3     5F 1( 1.50)        -0.2731        -0.1365        -3.7154

     final scf error:  4.5E-15 reached in  38 iterations

     Etot =  -54398.412062 Ry,  -27199.206031 Ha, -740128.036014 eV

     Ekin =   63764.449615 Ry,   31882.224807 Ha,  867559.457558 eV
     Encl = -137528.965882 Ry,  -68764.482941 Ha,-1871176.741279 eV
     Eh   =   20277.933870 Ry,   10138.966935 Ha,  275895.321210 eV
     Exc  =    -911.829664 Ry,    -455.914832 Ha,  -12406.073503 eV


     normalization and overlap integrals

     s(1S/1S) =  1.000000  <r> =   0.0139  <r2> =    0.0003  r(max) =   0.0082
     s(1S/2S) = -0.052749
     s(1S/3S) = -0.023069
     s(1S/4S) = -0.011695
     s(1S/5S) = -0.005832
     s(1S/6S) = -0.002621
     s(1S/7S) = -0.000878
     s(2S/2S) =  1.000000  <r> =   0.0582  <r2> =    0.0040  r(max) =   0.0492
     s(2S/3S) = -0.015168
     s(2S/4S) = -0.007310
     s(2S/5S) = -0.003603
     s(2S/6S) = -0.001615
     s(2S/7S) = -0.000541
     s(2P/2P) =  1.000000  <r> =   0.0541  <r2> =    0.0036  r(max) =   0.0419
     s(2P/3P) = -0.011457
     s(2P/4P) = -0.005263
     s(2P/5P) = -0.002478
     s(2P/6P) = -0.000997
     s(2P/7P) = -0.000265
     s(3S/3S) =  1.000000  <r> =   0.1502  <r2> =    0.0259  r(max) =   0.1390
     s(3S/4S) = -0.005426
     s(3S/5S) = -0.002569
     s(3S/6S) = -0.001142
     s(3S/7S) = -0.000382
     s(3P/3P) =  1.000000  <r> =   0.1543  <r2> =    0.0276  r(max) =   0.1407
     s(3P/4P) = -0.004460
     s(3P/5P) = -0.002018
     s(3P/6P) = -0.000806
     s(3P/7P) = -0.000214
     s(4S/4S) =  1.000000  <r> =   0.3259  <r2> =    0.1198  r(max) =   0.3093
     s(4S/5S) = -0.001874
     s(4S/6S) = -0.000811
     s(4S/7S) = -0.000270
     s(4P/4P) =  1.000000  <r> =   0.3507  <r2> =    0.1396  r(max) =   0.3293
     s(4P/5P) = -0.001505
     s(4P/6P) = -0.000587
     s(4P/7P) = -0.000155
     s(3D/3D) =  1.000000  <r> =   0.1403  <r2> =    0.0230  r(max) =   0.1152
     s(3D/4D) = -0.003279
     s(3D/5D) = -0.001308
     s(3D/6D) = -0.000339
     s(5S/5S) =  1.000000  <r> =   0.6816  <r2> =    0.5190  r(max) =   0.6467
     s(5S/6S) = -0.000532
     s(5S/7S) = -0.000175
     s(5P/5P) =  1.000000  <r> =   0.7676  <r2> =    0.6611  r(max) =   0.7147
     s(5P/6P) = -0.000377
     s(5P/7P) = -0.000099
     s(4D/4D) =  1.000000  <r> =   0.3643  <r2> =    0.1527  r(max) =   0.3334
     s(4D/5D) = -0.001087
     s(4D/6D) = -0.000277
     s(6S/6S) =  1.000000  <r> =   1.5003  <r2> =    2.5131  r(max) =   1.3863
     s(6S/7S) = -0.000097
     s(5D/5D) =  1.000000  <r> =   0.9053  <r2> =    0.9307  r(max) =   0.8099
     s(5D/6D) = -0.000170
     s(4F/4F) =  1.000000  <r> =   0.3623  <r2> =    0.1539  r(max) =   0.2906
     s(4F/5F) = -0.000502
     s(6P/6P) =  1.000000  <r> =   1.8463  <r2> =    3.8361  r(max) =   1.6514
     s(6P/7P) = -0.000050
     s(6D/6D) =  1.000000  <r> =   3.1893  <r2> =   12.1016  r(max) =   2.4028
     s(7S/7S) =  1.000000  <r> =   4.0374  <r2> =   18.3922  r(max) =   3.4961
     s(7P/7P) =  1.000000  <r> =   5.9580  <r2> =   40.8194  r(max) =   4.8995
     s(5F/5F) =  1.000000  <r> =   1.5430  <r2> =    3.0039  r(max) =   1.1070

     ------------------------ End of All-electron run ------------------------


     --------------------- Generating PAW atomic setup --------------------


      Generating local potential from pseudized AE potential:
      Matching radius rcloc =   2.1000

      Local pseudo, rcloc= 2.094 Estimated cut-off energy=     5.74 Ry

      Computing core charge for nlcc: 

       r > 1.51 : true rho core
      Core charge pseudized with two Bessel functions
      Integrated core pseudo-charge :  14.03
      Wfc-us  6S rcutus= 1.513  Estimated cut-off energy=    20.52 Ry
      Wfc-us  7S rcutus= 1.513  Estimated cut-off energy=    25.93 Ry
      Wfc-us  6P rcutus= 2.202  Estimated cut-off energy=    16.79 Ry
      Wfc-us  7P rcutus= 2.202  Estimated cut-off energy=    14.41 Ry
      Wfc-us  6D rcutus= 2.202  Estimated cut-off energy=    22.55 Ry
      Wfc-us  6D rcutus= 2.202  Estimated cut-off energy=    38.11 Ry
      Wfc-us  5F rcutus= 1.302  Estimated cut-off energy=    90.94 Ry
      Wfc-us  5F rcutus= 1.302  Estimated cut-off energy=    90.41 Ry

      The bmat matrix
     2.96670     1.25468     0.00000     0.00000     0.00000     0.00000
     0.00000     0.00000
     1.01995     0.43274     0.00000     0.00000     0.00000     0.00000
     0.00000     0.00000
     0.00000     0.00000     2.30169     2.82395     0.00000     0.00000
     0.00000     0.00000
     0.00000     0.00000     1.53707     2.45883     0.00000     0.00000
     0.00000     0.00000
     0.00000     0.00000     0.00000     0.00000     0.35622     0.80696
     0.00000     0.00000
     0.00000     0.00000     0.00000     0.00000     0.54873     1.51312
     0.00000     0.00000
     0.00000     0.00000     0.00000     0.00000     0.00000     0.00000
    -3.25389    -2.39560
     0.00000     0.00000     0.00000     0.00000     0.00000     0.00000
    -2.40170    -1.76851

      The bmat + epsilon qq matrix
     3.70671     1.27878     0.00000     0.00000     0.00000     0.00000
     0.00000     0.00000
     1.27908     0.44115     0.00000     0.00000     0.00000     0.00000
     0.00000     0.00000
     0.00000     0.00000     2.82761     1.86569     0.00000     0.00000
     0.00000     0.00000
     0.00000     0.00000     1.86662     1.68497     0.00000     0.00000
     0.00000     0.00000
     0.00000     0.00000     0.00000     0.00000     0.36117     0.55877
     0.00000     0.00000
     0.00000     0.00000     0.00000     0.00000     0.55920     1.00388
     0.00000     0.00000
     0.00000     0.00000     0.00000     0.00000     0.00000     0.00000
    -3.26409    -2.40893
     0.00000     0.00000     0.00000     0.00000     0.00000     0.00000
    -2.40897    -1.77801

      The qq matrix
    -0.21404    -0.07495     0.00000     0.00000     0.00000     0.00000
     0.00000     0.00000
    -0.07495    -0.02615     0.00000     0.00000     0.00000     0.00000
     0.00000     0.00000
     0.00000     0.00000    -0.30586    -0.19165     0.00000     0.00000
     0.00000     0.00000
     0.00000     0.00000    -0.19165    -0.15477     0.00000     0.00000
     0.00000     0.00000
     0.00000     0.00000     0.00000     0.00000    -0.02447    -0.05171
     0.00000     0.00000
     0.00000     0.00000     0.00000     0.00000    -0.05171    -0.10609
     0.00000     0.00000
     0.00000     0.00000     0.00000     0.00000     0.00000     0.00000
     0.03734     0.02666
     0.00000     0.00000     0.00000     0.00000     0.00000     0.00000
     0.02666     0.01902


    multipoles (all-electron charge) - (pseudo charge)
        ns l1:ns1 l2    l=0     l=1     l=2     l=3     l=4     l=5  
         1  0:  1  0 -0.2140
         2  0:  1  0 -0.0749
         2  0:  2  0 -0.0262
         3  1:  1  0  0.0000  0.3124
         3  1:  2  0  0.0000  0.0972
         3  1:  3  1 -0.3059  0.0000 -0.4370
         4  1:  1  0  0.0000  0.1608
         4  1:  2  0  0.0000  0.0597
         4  1:  3  1 -0.1917  0.0000 -0.1913
         4  1:  4  1 -0.1548  0.0000 -0.1364
         5  2:  1  0  0.0000  0.0000 -0.1856
         5  2:  2  0  0.0000  0.0000 -0.0504
         5  2:  3  1  0.0000  0.1468  0.0000  0.2701
         5  2:  4  1  0.0000  0.0699  0.0000  0.0838
         5  2:  5  2 -0.0245  0.0000 -0.0822  0.0000 -0.1876
         6  2:  1  0  0.0000  0.0000 -0.2514
         6  2:  2  0  0.0000  0.0000 -0.0765
         6  2:  3  1  0.0000  0.2375  0.0000  0.3678
         6  2:  4  1  0.0000  0.1326  0.0000  0.1492
         6  2:  5  2 -0.0517  0.0000 -0.1227  0.0000 -0.2339
         6  2:  6  2 -0.1061  0.0000 -0.1950  0.0000 -0.3217
         7  3:  1  0  0.0000  0.0000  0.0000 -0.1346
         7  3:  2  0  0.0000  0.0000  0.0000 -0.0417
         7  3:  3  1  0.0000  0.0000  0.3363  0.0000  0.4192
         7  3:  4  1  0.0000  0.0000  0.1380  0.0000  0.0741
         7  3:  5  2  0.0000 -0.1904  0.0000 -0.2314  0.0000 -0.3643
         7  3:  6  2  0.0000 -0.2709  0.0000 -0.2861  0.0000 -0.3814
         7  3:  7  3  0.0373  0.0000  0.0056  0.0000  0.0014  0.0000 -0.0007
         8  3:  1  0  0.0000  0.0000  0.0000 -0.0994
         8  3:  2  0  0.0000  0.0000  0.0000 -0.0308
         8  3:  3  1  0.0000  0.0000  0.2530  0.0000  0.3215
         8  3:  4  1  0.0000  0.0000  0.0999  0.0000  0.0496
         8  3:  5  2  0.0000 -0.1430  0.0000 -0.1771  0.0000 -0.2848
         8  3:  6  2  0.0000 -0.2017  0.0000 -0.2157  0.0000 -0.2916
         8  3:  7  3  0.0267  0.0000  0.0037  0.0000  0.0007  0.0000 -0.0008
         8  3:  8  3  0.0190  0.0000  0.0024  0.0000  0.0003  0.0000 -0.0008
     Required augmentation: PSQ   radius:    2.200000

     Q pseudized with Bessel functions
     Expected ecutrho=     445.7906 due to l1=  3   l2=  3

     Estimated PAW energy = -982.342149 Ryd

     The PAW screened D coefficients
     3.70671     1.27908     0.00000     0.00000     0.00000     0.00000
     0.00000     0.00000
     1.27908     0.44115     0.00000     0.00000     0.00000     0.00000
     0.00000     0.00000
     0.00000     0.00000     2.82761     1.86662     0.00000     0.00000
     0.00000     0.00000
     0.00000     0.00000     1.86662     1.68497     0.00000     0.00000
     0.00000     0.00000
     0.00000     0.00000     0.00000     0.00000     0.36117     0.55920
     0.00000     0.00000
     0.00000     0.00000     0.00000     0.00000     0.55920     1.00388
     0.00000     0.00000
     0.00000     0.00000     0.00000     0.00000     0.00000     0.00000
    -3.26409    -2.40898
     0.00000     0.00000     0.00000     0.00000     0.00000     0.00000
    -2.40898    -1.77801

     The PAW descreened D coefficients (US)
     2.03606     0.64926     0.00000     0.00000     0.00000     0.00000
     0.00000     0.00000
     0.64926     0.20658     0.00000     0.00000     0.00000     0.00000
     0.00000     0.00000
     0.00000     0.00000     0.63394     0.53690     0.00000     0.00000
     0.00000     0.00000
     0.00000     0.00000     0.53690    -0.56252     0.00000     0.00000
     0.00000     0.00000
     0.00000     0.00000     0.00000     0.00000     0.49856     0.46289
     0.00000     0.00000
     0.00000     0.00000     0.00000     0.00000     0.46289     0.21101
     0.00000     0.00000
     0.00000     0.00000     0.00000     0.00000     0.00000     0.00000
    -2.33054    -1.73442
     0.00000     0.00000     0.00000     0.00000     0.00000     0.00000
    -1.73442    -1.29064

     ------------------- End of pseudopotential generation -------------------

     --------------------------- All-electron run ----------------------------

     Pa                                                                         
     scalar relativistic calculation

     atomic number is 91.00
     dft = SLA  PW   PSX  PSC   lsd =0 sic =0 latt =0  beta=0.20 tr2=1.0E-14
     Exchange-correlation      =  SLA  PW   PSX  PSC ( 1  4 10  8 0 0)
     mesh =1291 r(mesh) = 100.90107 a.u. xmin = -7.00 dx = 0.01250
     1 Ry =  13.60569193 eV, c = 137.03599966

     n l     nl                  e(Ry)          e(Ha)          e(eV)
     1 0     1S 1( 2.00)     -8306.8176     -4153.4088   -113020.0007
     2 0     2S 1( 2.00)     -1546.7905      -773.3952    -21045.1549
     2 1     2P 1( 6.00)     -1289.1738      -644.5869    -17540.1021
     3 0     3S 1( 2.00)      -389.1252      -194.5626     -5294.3175
     3 1     3P 1( 6.00)      -317.4515      -158.7257     -4319.1468
     4 0     4S 1( 2.00)       -98.4955       -49.2478     -1340.0995
     4 1     4P 1( 6.00)       -75.0837       -37.5419     -1021.5657
     3 2     3D 1(10.00)      -254.4015      -127.2007     -3461.3080
     5 0     5S 1( 2.00)       -21.8127       -10.9063      -296.7764
     5 1     5P 1( 6.00)       -14.6223        -7.3112      -198.9466
     4 2     4D 1(10.00)       -51.2281       -25.6141      -696.9937
     6 0     6S 1( 2.00)        -3.4574        -1.7287       -47.0401
     5 2     5D 1(10.00)        -6.9867        -3.4934       -95.0590
     4 3     4F 1(14.00)       -25.8059       -12.9030      -351.1077
     6 1     6P 1( 6.00)        -1.7195        -0.8598       -23.3950
     6 2     6D 1( 1.50)        -0.2025        -0.1013        -2.7553
     7 0     7S 1( 2.00)        -0.3215        -0.1607        -4.3741
     7 1     7P 1( 0.00)        -0.0869        -0.0434        -1.1817
     5 3     5F 1( 1.50)        -0.2731        -0.1365        -3.7154

     final scf error:  4.5E-15 reached in  38 iterations

     Etot =  -54398.412062 Ry,  -27199.206031 Ha, -740128.036014 eV

     Ekin =   63764.449615 Ry,   31882.224807 Ha,  867559.457558 eV
     Encl = -137528.965882 Ry,  -68764.482941 Ha,-1871176.741279 eV
     Eh   =   20277.933870 Ry,   10138.966935 Ha,  275895.321210 eV
     Exc  =    -911.829664 Ry,    -455.914832 Ha,  -12406.073503 eV


     normalization and overlap integrals

     s(1S/1S) =  1.000000  <r> =   0.0139  <r2> =    0.0003  r(max) =   0.0082
     s(1S/2S) = -0.052749
     s(1S/3S) = -0.023069
     s(1S/4S) = -0.011695
     s(1S/5S) = -0.005832
     s(1S/6S) = -0.002621
     s(1S/7S) = -0.000878
     s(2S/2S) =  1.000000  <r> =   0.0582  <r2> =    0.0040  r(max) =   0.0492
     s(2S/3S) = -0.015168
     s(2S/4S) = -0.007310
     s(2S/5S) = -0.003603
     s(2S/6S) = -0.001615
     s(2S/7S) = -0.000541
     s(2P/2P) =  1.000000  <r> =   0.0541  <r2> =    0.0036  r(max) =   0.0419
     s(2P/3P) = -0.011457
     s(2P/4P) = -0.005263
     s(2P/5P) = -0.002478
     s(2P/6P) = -0.000997
     s(2P/7P) = -0.000265
     s(3S/3S) =  1.000000  <r> =   0.1502  <r2> =    0.0259  r(max) =   0.1390
     s(3S/4S) = -0.005426
     s(3S/5S) = -0.002569
     s(3S/6S) = -0.001142
     s(3S/7S) = -0.000382
     s(3P/3P) =  1.000000  <r> =   0.1543  <r2> =    0.0276  r(max) =   0.1407
     s(3P/4P) = -0.004460
     s(3P/5P) = -0.002018
     s(3P/6P) = -0.000806
     s(3P/7P) = -0.000214
     s(4S/4S) =  1.000000  <r> =   0.3259  <r2> =    0.1198  r(max) =   0.3093
     s(4S/5S) = -0.001874
     s(4S/6S) = -0.000811
     s(4S/7S) = -0.000270
     s(4P/4P) =  1.000000  <r> =   0.3507  <r2> =    0.1396  r(max) =   0.3293
     s(4P/5P) = -0.001505
     s(4P/6P) = -0.000587
     s(4P/7P) = -0.000155
     s(3D/3D) =  1.000000  <r> =   0.1403  <r2> =    0.0230  r(max) =   0.1152
     s(3D/4D) = -0.003279
     s(3D/5D) = -0.001308
     s(3D/6D) = -0.000339
     s(5S/5S) =  1.000000  <r> =   0.6816  <r2> =    0.5190  r(max) =   0.6467
     s(5S/6S) = -0.000532
     s(5S/7S) = -0.000175
     s(5P/5P) =  1.000000  <r> =   0.7676  <r2> =    0.6611  r(max) =   0.7147
     s(5P/6P) = -0.000377
     s(5P/7P) = -0.000099
     s(4D/4D) =  1.000000  <r> =   0.3643  <r2> =    0.1527  r(max) =   0.3334
     s(4D/5D) = -0.001087
     s(4D/6D) = -0.000277
     s(6S/6S) =  1.000000  <r> =   1.5003  <r2> =    2.5131  r(max) =   1.3863
     s(6S/7S) = -0.000097
     s(5D/5D) =  1.000000  <r> =   0.9053  <r2> =    0.9307  r(max) =   0.8099
     s(5D/6D) = -0.000170
     s(4F/4F) =  1.000000  <r> =   0.3623  <r2> =    0.1539  r(max) =   0.2906
     s(4F/5F) = -0.000502
     s(6P/6P) =  1.000000  <r> =   1.8463  <r2> =    3.8361  r(max) =   1.6514
     s(6P/7P) = -0.000050
     s(6D/6D) =  1.000000  <r> =   3.1893  <r2> =   12.1016  r(max) =   2.4028
     s(7S/7S) =  1.000000  <r> =   4.0374  <r2> =   18.3922  r(max) =   3.4961
     s(7P/7P) =  1.000000  <r> =   5.9580  <r2> =   40.8194  r(max) =   4.8995
     s(5F/5F) =  1.000000  <r> =   1.5430  <r2> =    3.0039  r(max) =   1.1070

     ------------------------ End of All-electron run ------------------------


 %%%%%%%%%%%%%%%%%%%%%%%%%%%%%%%%%%%%%%%%%%%%%%%%%%%%%%%%%%%%%%%%%%%%%%%%%%%%%%
     Error in routine new_paw_hamiltonian (1):
     negative rho
 %%%%%%%%%%%%%%%%%%%%%%%%%%%%%%%%%%%%%%%%%%%%%%%%%%%%%%%%%%%%%%%%%%%%%%%%%%%%%%

     stopping ...
